# Log de Execucao - Pipeline HLF Nivel 5

## Fase 0 - Analise e Planejamento
- Data: 30/07/2026
- Duracao: ~2 horas
- Documentos processados: Prompt de Execucao, Documento Mestre, Anexo Operacional, Arquitetura Web, Templates de Referencia.
- Status: Briefing consolidado e aprovado.
- Decisoes: BASE_URL definido como https://edusidegum.github.io/HLF/, uso de repositorio HLF, projeto pessoal Eduardo Sidegum.

## Fase 1 - Arquitetura e Configuracao
- Data: 30-31/07/2026
- Duracao: ~1 hora
- Entregaveis: robots.txt (governanca IA), sitemap.xml, assets/css/style.css (tema green).
- Ajustes: Diretorio de trabalho fixado em D:\Eduardo\GitHub\HLF\.

## Fase 2 - Dados e Logica
- Data: 31/07/2026
- Duracao: ~2 horas
- Entregaveis: dados-kits.js (33 itens), calculadora-kit.js, contato.js, bloco-incluir.js, bloco-protecao.js.
- Decisoes: Implementacao de scripts locais para total controle de versao e privacidade.

## Fase 3 - Paginas
- Data: 31/07/2026
- Duracao: ~4 horas
- Entregaveis: index.html, hypedrink/index.html, perfil/perfil.html, cadastro.html, 404.html.
- Padroes: Schema.org completo, zero emojis, conformidade WCAG 2.2 AA, imagens WebP.

## Fase 4 - Validacao Cruzada
- Status: Aguardando Deploy
- Observacoes: Necessario rodar testes de Lighthouse e Rich Results apos ativacao do GitHub Pages.

## Fase 5 - Correcoes e Entrega
- Status: Em andamento
- Observacoes: Substituicao de placeholders de rastreamento pendente de IDs da agencia.

## Decisoes Arquiteturais Consolidadas
1. Repositorio: HLF
2. Diretorio: D:\Eduardo\GitHub\HLF\
3. Scripts: 100% locais em assets/js/
4. Footer: Implementacao local via bloco-incluir.js
5. Tema: Green (Garden Theme) com variacoes tonais para profundidade visual
6. IA: Bloqueio seletivo via robots.txt (protecao de dados de perfil e tabelas)
7. GA4/GTM: Estrutura preparada para ativacao imediata via IDs

## Nao-Conformidades Corrigidas
1. Divergencia de diretorio (myHLF vs HLF) equalizada conforme briefing.
2. Remocao de emojis residuais dos templates de referencia para manter sobriedade profissional.
3. Ajuste de caminhos relativos para garantir funcionamento em subdiretorios (/perfil/ e /hypedrink/).